###############################################################################
#                                                                             #
# IAR C/C++ Compiler V8.10.1.10194/W32 for 8051         31/Jul/2014  06:33:28 #
# Copyright 2004-2011 IAR Systems AB.                                         #
#                                                                             #
#    Core               =  plain                                              #
#    Code model         =  banked                                             #
#    Data model         =  large                                              #
#    Calling convention =  xdata reentrant                                    #
#    Constant location  =  data_rom                                           #
#    Dptr setup         =  1,16                                               #
#    Source file        =  C:\Texas Instruments\ZStack-CC2530-2.5.1a\Projects #
#                          \zstack\Samples\GenericApp\Source\Enddevice.c      #
#    Command line       =  -f "C:\Texas Instruments\ZStack-CC2530-2.5.1a\Proj #
#                          ects\zstack\Samples\GenericApp\CC2530DB\..\..\..\T #
#                          ools\CC2530DB\f8wCoord.cfg" (-DCPU32MHZ            #
#                          -DROOT=__near_func -DMAC_CFG_APP_PENDING_QUEUE=TRU #
#                          E -DMAC_CFG_TX_DATA_MAX=5 -DMAC_CFG_TX_MAX=8       #
#                          -DMAC_CFG_RX_MAX=5 -DZDO_COORDINATOR -DRTR_NWK)    #
#                          -f "C:\Texas Instruments\ZStack-CC2530-2.5.1a\Proj #
#                          ects\zstack\Samples\GenericApp\CC2530DB\..\..\..\T #
#                          ools\CC2530DB\f8wConfig.cfg" (-DZIGBEEPRO          #
#                          -DSECURE=0 -DZG_SECURE_DYNAMIC=0 -DREFLECTOR       #
#                          -DDEFAULT_CHANLIST=0x00000800                      #
#                          -DZDAPP_CONFIG_PAN_ID=0xFFFF                       #
#                          -DNWK_START_DELAY=100 -DEXTENDED_JOINING_RANDOM_MA #
#                          SK=0x007F -DBEACON_REQUEST_DELAY=100               #
#                          -DBEACON_REQ_DELAY_MASK=0x00FF                     #
#                          -DLINK_STATUS_JITTER_MASK=0x007F                   #
#                          -DROUTE_EXPIRY_TIME=30 -DAPSC_ACK_WAIT_DURATION_PO #
#                          LLED=3000 -DNWK_INDIRECT_MSG_TIMEOUT=7             #
#                          -DMAX_RREQ_ENTRIES=8 -DAPSC_MAX_FRAME_RETRIES=3    #
#                          -DNWK_MAX_DATA_RETRIES=2                           #
#                          -DMAX_POLL_FAILURE_RETRIES=2 -DMAX_BCAST=9         #
#                          -DAPS_MAX_GROUPS=16 -DMAX_RTG_ENTRIES=40           #
#                          -DNWK_MAX_BINDING_ENTRIES=4                        #
#                          -DMAX_BINDING_CLUSTER_IDS=4 "-DDEFAULT_KEY={0x01,  #
#                          0x03, 0x05, 0x07, 0x09, 0x0B, 0x0D, 0x0F, 0x00,    #
#                          0x02, 0x04, 0x06, 0x08, 0x0A, 0x0C, 0x0D}"         #
#                          -DMAC_MAX_FRAME_SIZE=116                           #
#                          -DZDNWKMGR_MIN_TRANSMISSIONS=20 "-DCONST=const     #
#                          __code" -DGENERIC=__generic                        #
#                          -DRFD_RCVC_ALWAYS_ON=FALSE -DPOLL_RATE=1000        #
#                          -DQUEUED_POLL_RATE=100 -DRESPONSE_POLL_RATE=100)   #
#                          -DREJOIN_POLL_RATE=440 "C:\Texas                   #
#                          Instruments\ZStack-CC2530-2.5.1a\Projects\zstack\S #
#                          amples\GenericApp\Source\Enddevice.c" -D ZTOOL_P1  #
#                          -D MT_TASK -D MT_SYS_FUNC -D MT_ZDO_FUNC -D        #
#                          LCD_SUPPORTED=DEBUG -lC "C:\Texas                  #
#                          Instruments\ZStack-CC2530-2.5.1a\Projects\zstack\S #
#                          amples\GenericApp\CC2530DB\CoordinatorEB\List\"    #
#                          -lA "C:\Texas Instruments\ZStack-CC2530-2.5.1a\Pro #
#                          jects\zstack\Samples\GenericApp\CC2530DB\Coordinat #
#                          orEB\List\" --diag_suppress Pe001,Pa010 -o         #
#                          "C:\Texas Instruments\ZStack-CC2530-2.5.1a\Project #
#                          s\zstack\Samples\GenericApp\CC2530DB\CoordinatorEB #
#                          \Obj\" -e --no_code_motion --debug --core=plain    #
#                          --dptr=16,1 --data_model=large                     #
#                          --code_model=banked --calling_convention=xdata_ree #
#                          ntrant --place_constants=data_rom                  #
#                          --nr_virtual_regs 16 -I "C:\Texas                  #
#                          Instruments\ZStack-CC2530-2.5.1a\Projects\zstack\S #
#                          amples\GenericApp\CC2530DB\" -I "C:\Texas          #
#                          Instruments\ZStack-CC2530-2.5.1a\Projects\zstack\S #
#                          amples\GenericApp\CC2530DB\..\Source\" -I          #
#                          "C:\Texas Instruments\ZStack-CC2530-2.5.1a\Project #
#                          s\zstack\Samples\GenericApp\CC2530DB\..\..\..\ZMai #
#                          n\TI2530DB\" -I "C:\Texas                          #
#                          Instruments\ZStack-CC2530-2.5.1a\Projects\zstack\S #
#                          amples\GenericApp\CC2530DB\..\..\..\..\..\Componen #
#                          ts\hal\include\" -I "C:\Texas                      #
#                          Instruments\ZStack-CC2530-2.5.1a\Projects\zstack\S #
#                          amples\GenericApp\CC2530DB\..\..\..\..\..\Componen #
#                          ts\hal\target\CC2530EB\" -I "C:\Texas              #
#                          Instruments\ZStack-CC2530-2.5.1a\Projects\zstack\S #
#                          amples\GenericApp\CC2530DB\..\..\..\..\..\Componen #
#                          ts\mac\include\" -I "C:\Texas                      #
#                          Instruments\ZStack-CC2530-2.5.1a\Projects\zstack\S #
#                          amples\GenericApp\CC2530DB\..\..\..\..\..\Componen #
#                          ts\mac\high_level\" -I "C:\Texas                   #
#                          Instruments\ZStack-CC2530-2.5.1a\Projects\zstack\S #
#                          amples\GenericApp\CC2530DB\..\..\..\..\..\Componen #
#                          ts\mac\low_level\srf04\" -I "C:\Texas              #
#                          Instruments\ZStack-CC2530-2.5.1a\Projects\zstack\S #
#                          amples\GenericApp\CC2530DB\..\..\..\..\..\Componen #
#                          ts\mac\low_level\srf04\single_chip\" -I "C:\Texas  #
#                          Instruments\ZStack-CC2530-2.5.1a\Projects\zstack\S #
#                          amples\GenericApp\CC2530DB\..\..\..\..\..\Componen #
#                          ts\mt\" -I "C:\Texas Instruments\ZStack-CC2530-2.5 #
#                          .1a\Projects\zstack\Samples\GenericApp\CC2530DB\.. #
#                          \..\..\..\..\Components\osal\include\" -I          #
#                          "C:\Texas Instruments\ZStack-CC2530-2.5.1a\Project #
#                          s\zstack\Samples\GenericApp\CC2530DB\..\..\..\..\. #
#                          .\Components\services\saddr\" -I "C:\Texas         #
#                          Instruments\ZStack-CC2530-2.5.1a\Projects\zstack\S #
#                          amples\GenericApp\CC2530DB\..\..\..\..\..\Componen #
#                          ts\services\sdata\" -I "C:\Texas                   #
#                          Instruments\ZStack-CC2530-2.5.1a\Projects\zstack\S #
#                          amples\GenericApp\CC2530DB\..\..\..\..\..\Componen #
#                          ts\stack\af\" -I "C:\Texas                         #
#                          Instruments\ZStack-CC2530-2.5.1a\Projects\zstack\S #
#                          amples\GenericApp\CC2530DB\..\..\..\..\..\Componen #
#                          ts\stack\nwk\" -I "C:\Texas                        #
#                          Instruments\ZStack-CC2530-2.5.1a\Projects\zstack\S #
#                          amples\GenericApp\CC2530DB\..\..\..\..\..\Componen #
#                          ts\stack\sapi\" -I "C:\Texas                       #
#                          Instruments\ZStack-CC2530-2.5.1a\Projects\zstack\S #
#                          amples\GenericApp\CC2530DB\..\..\..\..\..\Componen #
#                          ts\stack\sec\" -I "C:\Texas                        #
#                          Instruments\ZStack-CC2530-2.5.1a\Projects\zstack\S #
#                          amples\GenericApp\CC2530DB\..\..\..\..\..\Componen #
#                          ts\stack\sys\" -I "C:\Texas                        #
#                          Instruments\ZStack-CC2530-2.5.1a\Projects\zstack\S #
#                          amples\GenericApp\CC2530DB\..\..\..\..\..\Componen #
#                          ts\stack\zdo\" -I "C:\Texas                        #
#                          Instruments\ZStack-CC2530-2.5.1a\Projects\zstack\S #
#                          amples\GenericApp\CC2530DB\..\..\..\..\..\Componen #
#                          ts\zmac\" -I "C:\Texas Instruments\ZStack-CC2530-2 #
#                          .5.1a\Projects\zstack\Samples\GenericApp\CC2530DB\ #
#                          ..\..\..\..\..\Components\zmac\f8w\" -Ohz          #
#                          --require_prototypes                               #
#    List file          =  C:\Texas Instruments\ZStack-CC2530-2.5.1a\Projects #
#                          \zstack\Samples\GenericApp\CC2530DB\CoordinatorEB\ #
#                          List\Enddevice.lst                                 #
#    Object file        =  C:\Texas Instruments\ZStack-CC2530-2.5.1a\Projects #
#                          \zstack\Samples\GenericApp\CC2530DB\CoordinatorEB\ #
#                          Obj\Enddevice.r51                                  #
#                                                                             #
#                                                                             #
###############################################################################

C:\Texas Instruments\ZStack-CC2530-2.5.1a\Projects\zstack\Samples\GenericApp\Source\Enddevice.c
      1          #include "OSAL.h"
      2          #include "AF.h"
      3          #include "ZDApp.h"
      4          #include "ZDObject.h"
      5          #include "ZDProfile.h"
      6          #include <string.h>
      7          #include "Coordinator.h"
      8          #include "DebugTrace.h"
      9          
     10          #if !defined( WIN32 )
     11            #include "OnBoard.h"

   \                                 In  segment SFR_AN, at 0x9e
   \   unsigned char volatile __sfr CLKCONSTA
   \                     CLKCONSTA:
   \   000000                DS 1

   \                                 In  segment SFR_AN, at 0xa8
   \   union <unnamed> volatile __sfr _A_IEN0
   \                     _A_IEN0:
   \   000000                DS 1

   \                                 In  segment SFR_AN, at 0xc6
   \   unsigned char volatile __sfr CLKCONCMD
   \                     CLKCONCMD:
   \   000000                DS 1

   \                                 In  segment SFR_AN, at 0xf2
   \   unsigned char volatile __sfr APCFG
   \                     APCFG:
   \   000000                DS 1

   \                                 In  segment SFR_AN, at 0xf3
   \   unsigned char volatile __sfr P0SEL
   \                     P0SEL:
   \   000000                DS 1
     12          #endif
     13          
     14          #include "hal_lcd.h"
     15          #include "hal_led.h"
     16          #include "hal_key.h"
     17          #include "hal_uart.h"
     18          
     19          #include "Sensor.h"
     20          
     21          #define SEND_DATA_EVENT 0x01
     22          

   \                                 In  segment XDATA_ROM_C, align 1
     23          const cId_t GenericApp_ClusterList[GENERICAPP_MAX_CLUSTERS] =
   \                     GenericApp_ClusterList:
   \   000000   0100         DW 1
     24          {
     25            GENERICAPP_CLUSTERID
     26          };
     27          

   \                                 In  segment XDATA_ROM_C, align 1
     28          const SimpleDescriptionFormat_t GenericApp_SimpleDesc =
   \                     GenericApp_SimpleDesc:
   \   000000   0A           DB 10
   \   000001   040F         DW 3844
   \   000003   0100         DW 1
   \   000005   00           DB 0
   \   000006   00           DB 0
   \   000007   0000         DW 0H
   \   000009   01           DB 1
   \   00000A   ....         DW GenericApp_ClusterList
     29          {
     30            GENERICAPP_ENDPOINT,              
     31            GENERICAPP_PROFID,                
     32            GENERICAPP_DEVICEID,              
     33            GENERICAPP_DEVICE_VERSION,        
     34            GENERICAPP_FLAGS,    
     35            0,
     36            (cId_t *)NULL,
     37            GENERICAPP_MAX_CLUSTERS,          
     38            (cId_t *)GenericApp_ClusterList      
     39          };
     40          
     41          

   \                                 In  segment XDATA_Z, align 1, keep-with-next
     42          endPointDesc_t GenericApp_epDesc;
   \                     GenericApp_epDesc:
   \   000000                DS 6
   \   000006                REQUIRE __INIT_XDATA_Z

   \                                 In  segment XDATA_Z, align 1, keep-with-next
     43          byte GenericApp_TaskID;   
   \                     GenericApp_TaskID:
   \   000000                DS 1
   \   000001                REQUIRE __INIT_XDATA_Z

   \                                 In  segment XDATA_Z, align 1, keep-with-next
     44          byte GenericApp_TransID;
   \                     GenericApp_TransID:
   \   000000                DS 1
   \   000001                REQUIRE __INIT_XDATA_Z

   \                                 In  segment XDATA_Z, align 1, keep-with-next
     45          devStates_t GenericApp_NwkState;
   \                     GenericApp_NwkState:
   \   000000                DS 1
   \   000001                REQUIRE __INIT_XDATA_Z
     46           
     47          void SendInfo(void);
     48          void To_string(uint8 *dest,char *src,uint8 length);
     49          void sendpH(void);
     50          

   \                                 In  segment BANKED_CODE, align 1, keep-with-next
     51          void initTempSensor(void){
   \                     initTempSensor:
   \   000000                ; Saved register size: 0
   \   000000                ; Auto size: 0
     52            HAL_DISABLE_INTERRUPTS();  //关闭所有中断
   \   000000   C2AF         CLR     0xa8.7
     53             CLKCONCMD = 0x28; //时器计数时钟设定为1M Hz, 系统时钟设定为32 MHz 
   \   000002   75C628       MOV     0xc6,#0x28
     54             while(CLKCONSTA & 0x40); //等晶振稳定 
   \                     ??initTempSensor_0:
   \   000005   E59E         MOV     A,0x9e
   \   000007   A2E6         MOV     C,0xE0 /* A   */.6
   \   000009   40FA         JC      ??initTempSensor_0
     55            // APCFG=0x01; //将P0.0口设置为模拟输入
     56             APCFG=0x40;
   \   00000B   75F240       MOV     0xf2,#0x40
     57          }
   \   00000E   02....       LJMP    ?BRET
   \   000011                REQUIRE _A_IEN0
   \   000011                REQUIRE CLKCONCMD
   \   000011                REQUIRE CLKCONSTA
   \   000011                REQUIRE APCFG
     58          

   \                                 In  segment BANKED_CODE, align 1, keep-with-next
     59          void GenericApp_Init( byte task_id )
   \                     GenericApp_Init:
     60          {
   \   000000   74F7         MOV     A,#-0x9
   \   000002   12....       LCALL   ?BANKED_ENTER_XDATA
   \   000005                ; Saved register size: 9
   \   000005                ; Auto size: 0
   \   000005   E9           MOV     A,R1
     61            GenericApp_TaskID = task_id;
   \   000006   90....       MOV     DPTR,#GenericApp_TaskID
   \   000009   F0           MOVX    @DPTR,A
     62            GenericApp_NwkState  = DEV_INIT;
   \   00000A   90....       MOV     DPTR,#GenericApp_NwkState
   \   00000D   7401         MOV     A,#0x1
   \   00000F   F0           MOVX    @DPTR,A
     63            GenericApp_TransID = 0;
   \   000010   90....       MOV     DPTR,#GenericApp_TransID
   \   000013   E4           CLR     A
   \   000014   F0           MOVX    @DPTR,A
     64            GenericApp_epDesc.endPoint = GENERICAPP_ENDPOINT;
   \   000015   90....       MOV     DPTR,#GenericApp_epDesc
   \   000018   740A         MOV     A,#0xa
   \   00001A   F0           MOVX    @DPTR,A
     65            GenericApp_epDesc.task_id = &GenericApp_TaskID;
   \   00001B   A3           INC     DPTR
   \   00001C   74..         MOV     A,#GenericApp_TaskID & 0xff
   \   00001E   F0           MOVX    @DPTR,A
   \   00001F   A3           INC     DPTR
   \   000020   74..         MOV     A,#(GenericApp_TaskID >> 8) & 0xff
   \   000022   F0           MOVX    @DPTR,A
     66            GenericApp_epDesc.simpleDesc
     67                      = (SimpleDescriptionFormat_t *)&GenericApp_SimpleDesc;
   \   000023   A3           INC     DPTR
   \   000024   74..         MOV     A,#GenericApp_SimpleDesc & 0xff
   \   000026   F0           MOVX    @DPTR,A
   \   000027   A3           INC     DPTR
   \   000028   74..         MOV     A,#(GenericApp_SimpleDesc >> 8) & 0xff
   \   00002A   F0           MOVX    @DPTR,A
     68            GenericApp_epDesc.latencyReq = noLatencyReqs;
   \   00002B   A3           INC     DPTR
   \   00002C   E4           CLR     A
   \   00002D   F0           MOVX    @DPTR,A
     69            afRegister( &GenericApp_epDesc );
   \   00002E                ; Setup parameters for call to function afRegister
   \   00002E   7A..         MOV     R2,#GenericApp_epDesc & 0xff
   \   000030   7B..         MOV     R3,#(GenericApp_epDesc >> 8) & 0xff
   \   000032   12....       LCALL   ??afRegister?relay
     70            initTempSensor(); //初始化ADC
   \   000035                ; Setup parameters for call to function initTempSensor
   \   000035   12....       LCALL   ??initTempSensor?relay
     71            //pH传感器初始化 P0.6
     72            P0SEL &= 0xbf ;
   \   000038   53F3BF       ANL     0xf3,#0xbf
     73          
     74          }       //任务初始化
   \   00003B   7F01         MOV     R7,#0x1
   \   00003D   02....       LJMP    ?BANKED_LEAVE_XDATA
   \   000040                REQUIRE P0SEL
     75          
     76          

   \                                 In  segment BANKED_CODE, align 1, keep-with-next
     77          uint16 GenericApp_ProcessEvent( byte task_id, uint16 events )
   \                     GenericApp_ProcessEvent:
     78          {
   \   000000   74F4         MOV     A,#-0xc
   \   000002   12....       LCALL   ?BANKED_ENTER_XDATA
   \   000005                ; Saved register size: 12
   \   000005                ; Auto size: 0
   \   000005   EA           MOV     A,R2
   \   000006   FE           MOV     R6,A
   \   000007   EB           MOV     A,R3
   \   000008   FF           MOV     R7,A
     79            afIncomingMSGPacket_t *MSGpkt;
     80            if ( events & SYS_EVENT_MSG )
   \   000009   5480         ANL     A,#0x80
   \   00000B   6049         JZ      ??GenericApp_ProcessEvent_0
     81            {
     82              MSGpkt = (afIncomingMSGPacket_t *)osal_msg_receive( GenericApp_TaskID );
   \   00000D                ; Setup parameters for call to function osal_msg_receive
   \   00000D   802D         SJMP    ??GenericApp_ProcessEvent_1
     83              while ( MSGpkt )
     84              {
     85                switch ( MSGpkt->hdr.event )
   \                     ??GenericApp_ProcessEvent_2:
   \   00000F   85..82       MOV     DPL,?V0 + 0
   \   000012   85..83       MOV     DPH,?V0 + 1
   \   000015   E0           MOVX    A,@DPTR
   \   000016   64D1         XRL     A,#0xd1
   \   000018   701B         JNZ     ??GenericApp_ProcessEvent_3
     86                {
     87                  
     88                  case ZDO_STATE_CHANGE:
     89                    GenericApp_NwkState = (devStates_t)(MSGpkt->hdr.status);
   \   00001A   A3           INC     DPTR
   \   00001B   E0           MOVX    A,@DPTR
   \   00001C   90....       MOV     DPTR,#GenericApp_NwkState
   \   00001F   F0           MOVX    @DPTR,A
     90                    if  ((GenericApp_NwkState == DEV_END_DEVICE)||(GenericApp_NwkState == DEV_ROUTER))
   \   000020   6406         XRL     A,#0x6
   \   000022   6005         JZ      ??GenericApp_ProcessEvent_4
   \   000024   E0           MOVX    A,@DPTR
   \   000025   6407         XRL     A,#0x7
   \   000027   700C         JNZ     ??GenericApp_ProcessEvent_3
     91                    {
     92                      
     93                      osal_set_event( GenericApp_TaskID,SEND_DATA_EVENT);
   \                     ??GenericApp_ProcessEvent_4:
   \   000029                ; Setup parameters for call to function osal_set_event
   \   000029   7A01         MOV     R2,#0x1
   \   00002B   7B00         MOV     R3,#0x0
   \   00002D   90....       MOV     DPTR,#GenericApp_TaskID
   \   000030   E0           MOVX    A,@DPTR
   \   000031   F9           MOV     R1,A
   \   000032   12....       LCALL   ??osal_set_event?relay
     94                    }
     95                    break;
     96                  default:
     97                    break;
     98                }
     99          
    100                osal_msg_deallocate( (uint8 *)MSGpkt );
   \                     ??GenericApp_ProcessEvent_3:
   \   000035                ; Setup parameters for call to function osal_msg_deallocate
   \   000035   AA..         MOV     R2,?V0 + 0
   \   000037   AB..         MOV     R3,?V0 + 1
   \   000039   12....       LCALL   ??osal_msg_deallocate?relay
    101                MSGpkt = (afIncomingMSGPacket_t *)osal_msg_receive( GenericApp_TaskID );
   \   00003C                ; Setup parameters for call to function osal_msg_receive
   \                     ??GenericApp_ProcessEvent_1:
   \   00003C   90....       MOV     DPTR,#GenericApp_TaskID
   \   00003F   E0           MOVX    A,@DPTR
   \   000040   F9           MOV     R1,A
   \   000041   12....       LCALL   ??osal_msg_receive?relay
   \   000044   8A..         MOV     ?V0 + 0,R2
   \   000046   8B..         MOV     ?V0 + 1,R3
    102              }
   \   000048   E5..         MOV     A,?V0 + 0
   \   00004A   45..         ORL     A,?V0 + 1
   \   00004C   70C1         JNZ     ??GenericApp_ProcessEvent_2
    103              return (events ^ SYS_EVENT_MSG);
   \   00004E   EE           MOV     A,R6
   \   00004F   FA           MOV     R2,A
   \   000050   EF           MOV     A,R7
   \   000051   6480         XRL     A,#0x80
   \                     ??GenericApp_ProcessEvent_5:
   \   000053   FB           MOV     R3,A
   \   000054   8023         SJMP    ??GenericApp_ProcessEvent_6
    104            }  
    105            if ( events & SEND_DATA_EVENT )
   \                     ??GenericApp_ProcessEvent_0:
   \   000056   EE           MOV     A,R6
   \   000057   A2E0         MOV     C,0xE0 /* A   */.0
   \   000059   501A         JNC     ??GenericApp_ProcessEvent_7
    106            {
    107              
    108             sendpH();
   \   00005B                ; Setup parameters for call to function sendpH
   \   00005B   12....       LCALL   ??sendpH?relay
    109              osal_start_timerEx( GenericApp_TaskID,
    110                                  SEND_DATA_EVENT,
    111                                5000 );
   \   00005E                ; Setup parameters for call to function osal_start_timerEx
   \   00005E   7C88         MOV     R4,#-0x78
   \   000060   7D13         MOV     R5,#0x13
   \   000062   7A01         MOV     R2,#0x1
   \   000064   7B00         MOV     R3,#0x0
   \   000066   90....       MOV     DPTR,#GenericApp_TaskID
   \   000069   E0           MOVX    A,@DPTR
   \   00006A   F9           MOV     R1,A
   \   00006B   12....       LCALL   ??osal_start_timerEx?relay
    112              return (events ^ SEND_DATA_EVENT);
   \   00006E   EE           MOV     A,R6
   \   00006F   6401         XRL     A,#0x1
   \   000071   FA           MOV     R2,A
   \   000072   EF           MOV     A,R7
   \   000073   80DE         SJMP    ??GenericApp_ProcessEvent_5
    113            }
    114            
    115            return 0;
   \                     ??GenericApp_ProcessEvent_7:
   \   000075   7A00         MOV     R2,#0x0
   \   000077   7B00         MOV     R3,#0x0
   \                     ??GenericApp_ProcessEvent_6:
   \   000079   7F04         MOV     R7,#0x4
   \   00007B   02....       LJMP    ?BANKED_LEAVE_XDATA
    116            
    117          }    //事件处理
    118          
    119          

   \                                 In  segment BANKED_CODE, align 1, keep-with-next
    120          void sendpH(void)
   \                     sendpH:
    121          {
   \   000000   74F0         MOV     A,#-0x10
   \   000002   12....       LCALL   ?BANKED_ENTER_XDATA
   \   000005                ; Saved register size: 16
   \   000005                ; Auto size: 34
   \   000005   74DE         MOV     A,#-0x22
   \   000007   12....       LCALL   ?ALLOC_XSTACK8
    122            PH ph;
    123            int tvalue;
    124            uint16 nwk;
    125            tvalue=(int)(10*(getpH()*(-1)*0.00169+7));
   \   00000A                ; Setup parameters for call to function getpH
   \   00000A   12....       LCALL   ??getpH?relay
   \   00000D   8A..         MOV     ?V0 + 0,R2
   \   00000F   8B..         MOV     ?V0 + 1,R3
   \   000011   8C..         MOV     ?V0 + 2,R4
   \   000013   8D..         MOV     ?V0 + 3,R5
   \   000015   90....       MOV     DPTR,#__Constant_bf800000
   \   000018   78..         MOV     R0,#?V0 + 4
   \   00001A   12....       LCALL   ?L_MOV_X
   \   00001D   78..         MOV     R0,#?V0 + 0
   \   00001F   79..         MOV     R1,#?V0 + 4
   \   000021   12....       LCALL   ?FLT_MUL
   \   000024   90....       MOV     DPTR,#__Constant_3add82fd
   \   000027   78..         MOV     R0,#?V0 + 4
   \   000029   12....       LCALL   ?L_MOV_X
   \   00002C   78..         MOV     R0,#?V0 + 0
   \   00002E   79..         MOV     R1,#?V0 + 4
   \   000030   12....       LCALL   ?FLT_MUL
   \   000033   90....       MOV     DPTR,#__Constant_40e00000
   \   000036   78..         MOV     R0,#?V0 + 4
   \   000038   12....       LCALL   ?L_MOV_X
   \   00003B   78..         MOV     R0,#?V0 + 0
   \   00003D   79..         MOV     R1,#?V0 + 4
   \   00003F   12....       LCALL   ?FLT_ADD
   \   000042   90....       MOV     DPTR,#__Constant_41200000
   \   000045   78..         MOV     R0,#?V0 + 4
   \   000047   12....       LCALL   ?L_MOV_X
   \   00004A   78..         MOV     R0,#?V0 + 0
   \   00004C   79..         MOV     R1,#?V0 + 4
   \   00004E   12....       LCALL   ?FLT_MUL
   \   000051   78..         MOV     R0,#?V0 + 0
   \   000053   12....       LCALL   ?FLT_TO_L
   \   000056   AC..         MOV     R4,?V0 + 0
   \   000058   AD..         MOV     R5,?V0 + 1
    126            ph.BUF.value[0]=tvalue/100+'0';
   \   00005A   EC           MOV     A,R4
   \   00005B   F8           MOV     R0,A
   \   00005C   ED           MOV     A,R5
   \   00005D   F9           MOV     R1,A
   \   00005E   7A64         MOV     R2,#0x64
   \   000060   7B00         MOV     R3,#0x0
   \   000062   12....       LCALL   ?S_DIV_MOD
   \   000065   E8           MOV     A,R0
   \   000066   2430         ADD     A,#0x30
   \   000068   C0E0         PUSH    A
   \   00006A   7412         MOV     A,#0x12
   \   00006C   12....       LCALL   ?XSTACK_DISP0_8
   \   00006F   D0E0         POP     A
   \   000071   F0           MOVX    @DPTR,A
    127            ph.BUF.value[1]=(tvalue%100)/10+'0';
   \   000072   EC           MOV     A,R4
   \   000073   F8           MOV     R0,A
   \   000074   ED           MOV     A,R5
   \   000075   F9           MOV     R1,A
   \   000076   7A64         MOV     R2,#0x64
   \   000078   7B00         MOV     R3,#0x0
   \   00007A   12....       LCALL   ?S_DIV_MOD
   \   00007D   8A..         MOV     ?V0 + 0,R2
   \   00007F   8B..         MOV     ?V0 + 1,R3
   \   000081   AC..         MOV     R4,?V0 + 0
   \   000083   AD..         MOV     R5,?V0 + 1
   \   000085   EC           MOV     A,R4
   \   000086   F8           MOV     R0,A
   \   000087   ED           MOV     A,R5
   \   000088   F9           MOV     R1,A
   \   000089   7A0A         MOV     R2,#0xa
   \   00008B   7B00         MOV     R3,#0x0
   \   00008D   12....       LCALL   ?S_DIV_MOD
   \   000090   E8           MOV     A,R0
   \   000091   2430         ADD     A,#0x30
   \   000093   C0E0         PUSH    A
   \   000095   7413         MOV     A,#0x13
   \   000097   12....       LCALL   ?XSTACK_DISP0_8
   \   00009A   D0E0         POP     A
   \   00009C   F0           MOVX    @DPTR,A
    128            ph.BUF.value[2]='.';
   \   00009D   7414         MOV     A,#0x14
   \   00009F   12....       LCALL   ?XSTACK_DISP0_8
   \   0000A2   742E         MOV     A,#0x2e
   \   0000A4   F0           MOVX    @DPTR,A
    129              ph.BUF.value[3]=(tvalue%100)%10+'0';
   \   0000A5   EC           MOV     A,R4
   \   0000A6   F8           MOV     R0,A
   \   0000A7   ED           MOV     A,R5
   \   0000A8   F9           MOV     R1,A
   \   0000A9   7A0A         MOV     R2,#0xa
   \   0000AB   7B00         MOV     R3,#0x0
   \   0000AD   12....       LCALL   ?S_DIV_MOD
   \   0000B0   EA           MOV     A,R2
   \   0000B1   2430         ADD     A,#0x30
   \   0000B3   C0E0         PUSH    A
   \   0000B5   7415         MOV     A,#0x15
   \   0000B7   12....       LCALL   ?XSTACK_DISP0_8
   \   0000BA   D0E0         POP     A
   \   0000BC   F0           MOVX    @DPTR,A
    130            osal_memcpy(ph.BUF.head,"pH",2);
   \   0000BD                ; Setup parameters for call to function osal_memcpy
   \   0000BD   75....       MOV     ?V0 + 0,#`?<Constant "pH">` & 0xff
   \   0000C0   75....       MOV     ?V0 + 1,#(`?<Constant "pH">` >> 8) & 0xff
   \   0000C3   75..00       MOV     ?V0 + 2,#0x0
   \   0000C6   78..         MOV     R0,#?V0 + 0
   \   0000C8   12....       LCALL   ?PUSH_XSTACK_I_THREE
   \   0000CB   7C02         MOV     R4,#0x2
   \   0000CD   7D00         MOV     R5,#0x0
   \   0000CF   7405         MOV     A,#0x5
   \   0000D1   12....       LCALL   ?XSTACK_DISP0_8
   \   0000D4   AA82         MOV     R2,DPL
   \   0000D6   AB83         MOV     R3,DPH
   \   0000D8   12....       LCALL   ??osal_memcpy?relay
   \   0000DB   7403         MOV     A,#0x3
   \   0000DD   12....       LCALL   ?DEALLOC_XSTACK8
    131            ph.BUF.left='(';
   \   0000E0   7404         MOV     A,#0x4
   \   0000E2   12....       LCALL   ?XSTACK_DISP0_8
   \   0000E5   7428         MOV     A,#0x28
   \   0000E7   F0           MOVX    @DPTR,A
    132            if(GenericApp_NwkState==DEV_ROUTER)
   \   0000E8   90....       MOV     DPTR,#GenericApp_NwkState
   \   0000EB   E0           MOVX    A,@DPTR
   \   0000EC   6407         XRL     A,#0x7
   \   0000EE   7020         JNZ     ??sendpH_0
    133            {
    134              osal_memcpy(ph.BUF.type,"ROU",3);
   \   0000F0                ; Setup parameters for call to function osal_memcpy
   \   0000F0   75....       MOV     ?V0 + 0,#`?<Constant "ROU">` & 0xff
   \   0000F3   75....       MOV     ?V0 + 1,#(`?<Constant "ROU">` >> 8) & 0xff
   \   0000F6   78..         MOV     R0,#?V0 + 0
   \   0000F8   12....       LCALL   ?PUSH_XSTACK_I_THREE
   \   0000FB   7C03         MOV     R4,#0x3
   \   0000FD   7D00         MOV     R5,#0x0
   \   0000FF   7408         MOV     A,#0x8
   \   000101   12....       LCALL   ?XSTACK_DISP0_8
   \   000104   AA82         MOV     R2,DPL
   \   000106   AB83         MOV     R3,DPH
   \   000108   12....       LCALL   ??osal_memcpy?relay
   \   00010B   7403         MOV     A,#0x3
   \   00010D   12....       LCALL   ?DEALLOC_XSTACK8
    135            }
    136            if(GenericApp_NwkState==DEV_END_DEVICE)
   \                     ??sendpH_0:
   \   000110   90....       MOV     DPTR,#GenericApp_NwkState
   \   000113   E0           MOVX    A,@DPTR
   \   000114   6406         XRL     A,#0x6
   \   000116   7020         JNZ     ??sendpH_1
    137            {
    138              osal_memcpy(ph.BUF.type,"END",3);
   \   000118                ; Setup parameters for call to function osal_memcpy
   \   000118   75....       MOV     ?V0 + 0,#`?<Constant "END">` & 0xff
   \   00011B   75....       MOV     ?V0 + 1,#(`?<Constant "END">` >> 8) & 0xff
   \   00011E   78..         MOV     R0,#?V0 + 0
   \   000120   12....       LCALL   ?PUSH_XSTACK_I_THREE
   \   000123   7C03         MOV     R4,#0x3
   \   000125   7D00         MOV     R5,#0x0
   \   000127   7408         MOV     A,#0x8
   \   000129   12....       LCALL   ?XSTACK_DISP0_8
   \   00012C   AA82         MOV     R2,DPL
   \   00012E   AB83         MOV     R3,DPH
   \   000130   12....       LCALL   ??osal_memcpy?relay
   \   000133   7403         MOV     A,#0x3
   \   000135   12....       LCALL   ?DEALLOC_XSTACK8
    139            }
    140            nwk=NLME_GetShortAddr();
   \                     ??sendpH_1:
   \   000138                ; Setup parameters for call to function NLME_GetShortAddr
   \   000138   12....       LCALL   ??NLME_GetShortAddr?relay
   \   00013B   12....       LCALL   ?Subroutine0 & 0xFFFF
    141            To_string(ph.BUF.myNWK,(uint8 *)& nwk,2);
                                          ^
Warning[Pe167]: argument of type "unsigned char *" is incompatible with
          parameter of type "char *"
   \                     ??CrossCallReturnLabel_0:
   \   00013E   7408         MOV     A,#0x8
   \   000140   12....       LCALL   ?XSTACK_DISP0_8
   \   000143   AA82         MOV     R2,DPL
   \   000145   AB83         MOV     R3,DPH
   \   000147   12....       LCALL   ??To_string?relay
    142            
    143            nwk=NLME_GetCoordShortAddr();
   \   00014A                ; Setup parameters for call to function NLME_GetCoordShortAddr
   \   00014A   12....       LCALL   ??NLME_GetCoordShortAddr?relay
   \   00014D   12....       LCALL   ?Subroutine0 & 0xFFFF
    144            To_string(ph.BUF.pNWK,(uint8 *)& nwk,2);
                                         ^
Warning[Pe167]: argument of type "unsigned char *" is incompatible with
          parameter of type "char *"
   \                     ??CrossCallReturnLabel_1:
   \   000150   740C         MOV     A,#0xc
   \   000152   12....       LCALL   ?XSTACK_DISP0_8
   \   000155   AA82         MOV     R2,DPL
   \   000157   AB83         MOV     R3,DPH
   \   000159   12....       LCALL   ??To_string?relay
    145            
    146            ph.BUF.right=')';
   \   00015C   7410         MOV     A,#0x10
   \   00015E   12....       LCALL   ?XSTACK_DISP0_8
   \   000161   7429         MOV     A,#0x29
   \   000163   F0           MOVX    @DPTR,A
    147            ph.BUF.equal='=';
   \   000164   7411         MOV     A,#0x11
   \   000166   12....       LCALL   ?XSTACK_DISP0_8
   \   000169   743D         MOV     A,#0x3d
   \   00016B   F0           MOVX    @DPTR,A
    148            
    149            afAddrType_t my_DstAddr;
    150            my_DstAddr.addrMode = (afAddrMode_t)Addr16Bit;
   \   00016C   741E         MOV     A,#0x1e
   \   00016E   12....       LCALL   ?XSTACK_DISP0_8
   \   000171   7402         MOV     A,#0x2
   \   000173   F0           MOVX    @DPTR,A
    151             my_DstAddr.endPoint = GENERICAPP_ENDPOINT;
   \   000174   741F         MOV     A,#0x1f
   \   000176   12....       LCALL   ?XSTACK_DISP0_8
   \   000179   740A         MOV     A,#0xa
   \   00017B   F0           MOVX    @DPTR,A
    152              my_DstAddr.addr.shortAddr=0x0000;
   \   00017C   7416         MOV     A,#0x16
   \   00017E   12....       LCALL   ?XSTACK_DISP0_8
   \   000181   E4           CLR     A
   \   000182   F0           MOVX    @DPTR,A
   \   000183   A3           INC     DPTR
   \   000184   F0           MOVX    @DPTR,A
    153              AF_DataRequest( &my_DstAddr, &GenericApp_epDesc,GENERICAPP_CLUSTERID,20,
    154                             (uint8*)&ph,&GenericApp_TransID,AF_DISCV_ROUTE,AF_DEFAULT_RADIUS);
   \   000185                ; Setup parameters for call to function AF_DataRequest
   \   000185   75..1E       MOV     ?V0 + 0,#0x1e
   \   000188   78..         MOV     R0,#?V0 + 0
   \   00018A   12....       LCALL   ?PUSH_XSTACK_I_ONE
   \   00018D   75....       MOV     ?V0 + 0,#GenericApp_TransID & 0xff
   \   000190   75....       MOV     ?V0 + 1,#(GenericApp_TransID >> 8) & 0xff
   \   000193   78..         MOV     R0,#?V0 + 0
   \   000195   12....       LCALL   ?PUSH_XSTACK_I_TWO
   \   000198   7405         MOV     A,#0x5
   \   00019A   12....       LCALL   ?XSTACK_DISP0_8
   \   00019D   8582..       MOV     ?V0 + 0,DPL
   \   0001A0   8583..       MOV     ?V0 + 1,DPH
   \   0001A3   78..         MOV     R0,#?V0 + 0
   \   0001A5   12....       LCALL   ?PUSH_XSTACK_I_TWO
   \   0001A8   75..14       MOV     ?V0 + 0,#0x14
   \   0001AB   75..00       MOV     ?V0 + 1,#0x0
   \   0001AE   78..         MOV     R0,#?V0 + 0
   \   0001B0   12....       LCALL   ?PUSH_XSTACK_I_TWO
   \   0001B3   75..01       MOV     ?V0 + 0,#0x1
   \   0001B6   78..         MOV     R0,#?V0 + 0
   \   0001B8   12....       LCALL   ?PUSH_XSTACK_I_TWO
   \   0001BB   7920         MOV     R1,#0x20
   \   0001BD   7C..         MOV     R4,#GenericApp_epDesc & 0xff
   \   0001BF   7D..         MOV     R5,#(GenericApp_epDesc >> 8) & 0xff
   \   0001C1   741F         MOV     A,#0x1f
   \   0001C3   12....       LCALL   ?XSTACK_DISP0_8
   \   0001C6   AA82         MOV     R2,DPL
   \   0001C8   AB83         MOV     R3,DPH
   \   0001CA   12....       LCALL   ??AF_DataRequest?relay
   \   0001CD   7409         MOV     A,#0x9
   \   0001CF   12....       LCALL   ?DEALLOC_XSTACK8
    155          
    156            
    157          }
   \   0001D2   7422         MOV     A,#0x22
   \   0001D4   12....       LCALL   ?DEALLOC_XSTACK8
   \   0001D7   7F08         MOV     R7,#0x8
   \   0001D9   02....       LJMP    ?BANKED_LEAVE_XDATA

   \                                 In  segment BANKED_CODE, align 1, keep-with-next
   \                     ?Subroutine0:
   \   000000   85..82       MOV     DPL,?XSP + 0
   \   000003   85..83       MOV     DPH,?XSP + 1
   \   000006   EA           MOV     A,R2
   \   000007   F0           MOVX    @DPTR,A
   \   000008   A3           INC     DPTR
   \   000009   EB           MOV     A,R3
   \   00000A   F0           MOVX    @DPTR,A
   \   00000B                ; Setup parameters for call to function To_string
   \   00000B                ; Setup parameters for call to function To_string
   \   00000B   7902         MOV     R1,#0x2
   \   00000D   85..82       MOV     DPL,?XSP + 0
   \   000010   85..83       MOV     DPH,?XSP + 1
   \   000013   AC82         MOV     R4,DPL
   \   000015   AD83         MOV     R5,DPH
   \   000017   22           RET
    158          
    159          

   \                                 In  segment BANKED_CODE, align 1, keep-with-next
    160          void To_string(uint8 *dest, char *src,uint8 length)
   \                     To_string:
    161          {
   \   000000   74F6         MOV     A,#-0xa
   \   000002   12....       LCALL   ?BANKED_ENTER_XDATA
   \   000005                ; Saved register size: 10
   \   000005                ; Auto size: 0
   \   000005   E9           MOV     A,R1
   \   000006   FE           MOV     R6,A
    162            uint8 *xad;
    163            uint8 i=0;
    164            uint8 ch;
    165            xad = src + length - 1;
                       ^
Warning[Pe513]: a value of type "char *" cannot be assigned to an entity of
          type "unsigned char *"
   \   000007   8E..         MOV     ?V0 + 0,R6
   \   000009   EC           MOV     A,R4
   \   00000A   25..         ADD     A,?V0 + 0
   \   00000C   F8           MOV     R0,A
   \   00000D   ED           MOV     A,R5
   \   00000E   3400         ADDC    A,#0x0
   \   000010   F9           MOV     R1,A
   \   000011   E8           MOV     A,R0
   \   000012   24FF         ADD     A,#-0x1
   \   000014   18           DEC     R0
   \   000015   E9           MOV     A,R1
   \   000016   34FF         ADDC    A,#-0x1
   \   000018   F9           MOV     R1,A
    166            for(i=0;i<length;i++,xad--)
   \   000019   7F00         MOV     R7,#0x0
   \   00001B   8020         SJMP    ??To_string_0
    167            {
    168              ch=(*xad>>4) & 0x0F;
    169                   dest[i<<1]=ch+((ch<10)?'0':'7');
    170                   ch= *xad & 0x0F;
    171                   dest[(i<<1)+1]=ch+((ch<10)?'0':'7');
   \                     ??To_string_1:
   \   00001D   7C37         MOV     R4,#0x37
   \                     ??To_string_2:
   \   00001F   EC           MOV     A,R4
   \   000020   25..         ADD     A,?V0 + 0
   \   000022   C0E0         PUSH    A
   \   000024   EF           MOV     A,R7
   \   000025   C3           CLR     C
   \   000026   33           RLC     A
   \   000027   FC           MOV     R4,A
   \   000028   EA           MOV     A,R2
   \   000029   2C           ADD     A,R4
   \   00002A   F582         MOV     DPL,A
   \   00002C   EB           MOV     A,R3
   \   00002D   3D           ADDC    A,R5
   \   00002E   F583         MOV     DPH,A
   \   000030   A3           INC     DPTR
   \   000031   D0E0         POP     A
   \   000033   F0           MOVX    @DPTR,A
   \   000034   0F           INC     R7
   \   000035   E8           MOV     A,R0
   \   000036   24FF         ADD     A,#-0x1
   \   000038   18           DEC     R0
   \   000039   E9           MOV     A,R1
   \   00003A   34FF         ADDC    A,#-0x1
   \   00003C   F9           MOV     R1,A
   \                     ??To_string_0:
   \   00003D   EF           MOV     A,R7
   \   00003E   C3           CLR     C
   \   00003F   9E           SUBB    A,R6
   \   000040   503E         JNC     ??To_string_3
   \   000042   8882         MOV     DPL,R0
   \   000044   8983         MOV     DPH,R1
   \   000046   E0           MOVX    A,@DPTR
   \   000047   C4           SWAP    A
   \   000048   540F         ANL     A,#0xf
   \   00004A   F5..         MOV     ?V0 + 0,A
   \   00004C   C3           CLR     C
   \   00004D   940A         SUBB    A,#0xa
   \   00004F   5004         JNC     ??To_string_4
   \   000051   7C30         MOV     R4,#0x30
   \   000053   8002         SJMP    ??To_string_5
   \                     ??To_string_4:
   \   000055   7C37         MOV     R4,#0x37
   \                     ??To_string_5:
   \   000057   EC           MOV     A,R4
   \   000058   25..         ADD     A,?V0 + 0
   \   00005A   C0E0         PUSH    A
   \   00005C   EF           MOV     A,R7
   \   00005D   C3           CLR     C
   \   00005E   33           RLC     A
   \   00005F   FC           MOV     R4,A
   \   000060   E4           CLR     A
   \   000061   33           RLC     A
   \   000062   FD           MOV     R5,A
   \   000063   EA           MOV     A,R2
   \   000064   2C           ADD     A,R4
   \   000065   F582         MOV     DPL,A
   \   000067   EB           MOV     A,R3
   \   000068   3D           ADDC    A,R5
   \   000069   F583         MOV     DPH,A
   \   00006B   D0E0         POP     A
   \   00006D   F0           MOVX    @DPTR,A
   \   00006E   8882         MOV     DPL,R0
   \   000070   8983         MOV     DPH,R1
   \   000072   E0           MOVX    A,@DPTR
   \   000073   540F         ANL     A,#0xf
   \   000075   F5..         MOV     ?V0 + 0,A
   \   000077   C3           CLR     C
   \   000078   940A         SUBB    A,#0xa
   \   00007A   50A1         JNC     ??To_string_1
   \   00007C   7C30         MOV     R4,#0x30
   \   00007E   809F         SJMP    ??To_string_2
    172            }
    173                 
    174           
    175          }
   \                     ??To_string_3:
   \   000080   7F02         MOV     R7,#0x2
   \   000082   02....       LJMP    ?BANKED_LEAVE_XDATA

   \                                 In  segment BANK_RELAYS, align 1
   \                     ??initTempSensor?relay:
   \   000000   12....       LCALL   ?BDISPATCH
   \   000003   ......       DC24    initTempSensor

   \                                 In  segment BANK_RELAYS, align 1
   \                     ??GenericApp_Init?relay:
   \   000000   12....       LCALL   ?BDISPATCH
   \   000003   ......       DC24    GenericApp_Init

   \                                 In  segment BANK_RELAYS, align 1
   \                     ??GenericApp_ProcessEvent?relay:
   \   000000   12....       LCALL   ?BDISPATCH
   \   000003   ......       DC24    GenericApp_ProcessEvent

   \                                 In  segment BANK_RELAYS, align 1
   \                     ??sendpH?relay:
   \   000000   12....       LCALL   ?BDISPATCH
   \   000003   ......       DC24    sendpH

   \                                 In  segment BANK_RELAYS, align 1
   \                     ??To_string?relay:
   \   000000   12....       LCALL   ?BDISPATCH
   \   000003   ......       DC24    To_string

   \                                 In  segment XDATA_ROM_C, align 1
   \                     `?<Constant "pH">`:
   \   000000   704800       DB "pH"

   \                                 In  segment XDATA_ROM_C, align 1
   \                     `?<Constant "ROU">`:
   \   000000   524F5500     DB "ROU"

   \                                 In  segment XDATA_ROM_C, align 1
   \                     `?<Constant "END">`:
   \   000000   454E4400     DB "END"

   \                                 In  segment XDATA_ROM_C, align 1
   \                     __Constant_bf800000:
   \   000000   000080BF     DD 0BF800000H

   \                                 In  segment XDATA_ROM_C, align 1
   \                     __Constant_3add82fd:
   \   000000   FD82DD3A     DD 3ADD82FDH

   \                                 In  segment XDATA_ROM_C, align 1
   \                     __Constant_40e00000:
   \   000000   0000E040     DD 40E00000H

   \                                 In  segment XDATA_ROM_C, align 1
   \                     __Constant_41200000:
   \   000000   00002041     DD 41200000H

   Maximum stack usage in bytes:

     Function                    ISTACK PSTACK XSTACK
     --------                    ------ ------ ------
     GenericApp_Init                 0      0      9
       -> afRegister                 0      0     18
       -> initTempSensor             0      0     18
     GenericApp_ProcessEvent         0      0     12
       -> osal_msg_receive           0      0     24
       -> osal_set_event             0      0     24
       -> osal_msg_deallocate        0      0     24
       -> osal_msg_receive           0      0     24
       -> sendpH                     0      0     24
       -> osal_start_timerEx         0      0     24
     To_string                       1      0     60
     initTempSensor                  0      0      9
     sendpH                          1      0     71
       -> getpH                      0      0    100
       -> osal_memcpy                0      0    106
       -> osal_memcpy                0      0    106
       -> osal_memcpy                0      0    106
       -> NLME_GetShortAddr          0      0    100
       -> To_string                  0      0    100
       -> NLME_GetCoordShortAddr     0      0    100
       -> To_string                  0      0    100
       -> AF_DataRequest             0      0    118


   Segment part sizes:

     Function/Label                  Bytes
     --------------                  -----
     CLKCONSTA                          1
     _A_IEN0                            1
     CLKCONCMD                          1
     APCFG                              1
     P0SEL                              1
     GenericApp_ClusterList             2
     GenericApp_SimpleDesc             12
     GenericApp_epDesc                  6
     GenericApp_TaskID                  1
     GenericApp_TransID                 1
     GenericApp_NwkState                1
     initTempSensor                    17
     GenericApp_Init                   64
     GenericApp_ProcessEvent          126
     sendpH                           476
     ?Subroutine0                      24
     To_string                        133
     ??initTempSensor?relay             6
     ??GenericApp_Init?relay            6
     ??GenericApp_ProcessEvent?relay    6
     ??sendpH?relay                     6
     ??To_string?relay                  6
     ?<Constant "pH">                   3
     ?<Constant "ROU">                  4
     ?<Constant "END">                  4
     __Constant_bf800000                4
     __Constant_3add82fd                4
     __Constant_40e00000                4
     __Constant_41200000                4

 
 840 bytes in segment BANKED_CODE
  30 bytes in segment BANK_RELAYS
   5 bytes in segment SFR_AN
  41 bytes in segment XDATA_ROM_C
   9 bytes in segment XDATA_Z
 
 870 bytes of CODE  memory
  25 bytes of CONST memory (+ 16 bytes shared)
   0 bytes of DATA  memory (+  5 bytes shared)
   9 bytes of XDATA memory

Errors: none
Warnings: 3
